
as12, an absolute assembler for Motorola MCU's, version 1.2h

                        ; Those_Were_The_Memories.asm
                        
0040                    Value1 equ 	64
                        
1000                            org 	$1000
1000 2b                 Value2  db  	$2B
1001 16 2e              Value3  dw  	5678
                        
                        
1020                            org 	$1020
1020                    Result1 ds  	1
1021                    Result2 ds 	2
1023                    Result3 ds 	1
                        
2000                            org 	$2000
2000 86 40                      ldaa 	#Value1
2002 7a 10 23                   staa 	Result3
2005 f6 10 00                   ldab 	Value2
2008 7b 10 20                   stab 	Result1
200b cc 10 01                   ldd 	#Value3
200e 7a 10 21                   staa 	Result2
2011 f6 10 00                   ldab 	Value2
2014 b6 10 01                   ldaa 	Value2+1
2017 7c 10 20                   std  	Result1
201a 3f                         swi
                                end
                                

Executed: Thu Nov 01 11:11:16 2018
Total cycles: 46, Total bytes: 30
Total errors: 0, Total warnings: 0
